Initialized native services in: C:\Users\emoca\.gradle\native
Initialized jansi services in: C:\Users\emoca\.gradle\native
Found daemon DaemonInfo{pid=27244, address=[7dfbb733-5ca5-41bd-acb3-15309ac2e288 port:4283, addresses:[/127.0.0.1]], state=Idle, lastBusy=1773572440850, context=DefaultDaemonContext[uid=fd649063-45ae-42c2-bc05-7ba1c70ecd46,javaHome=C:\Program Files\Eclipse Adoptium\jdk-25.0.1.8-hotspot,javaVersion=25,javaVendor=Eclipse Adoptium,daemonRegistryDir=C:\Users\emoca\.gradle\daemon,pid=27244,idleTimeout=10800000,priority=NORMAL,applyInstrumentationAgent=true,nativeServicesMode=ENABLED,daemonOpts=-Xmx2048m,-Dfile.encoding=UTF-8,-Duser.country=TR,-Duser.language=tr,-Duser.variant]} however its context does not match the desired criteria.
JVM is incompatible.
Wanted: DaemonRequestContext{jvmCriteria=C:\Program Files\Android\Android Studio\jbr (no JDK specified, using current Java home), daemonOpts=[-Xmx2048m, -Dfile.encoding=UTF-8, -Duser.country=TR, -Duser.language=tr, -Duser.variant], applyInstrumentationAgent=true, nativeServicesMode=ENABLED, priority=NORMAL}
Actual: DefaultDaemonContext[uid=fd649063-45ae-42c2-bc05-7ba1c70ecd46,javaHome=C:\Program Files\Eclipse Adoptium\jdk-25.0.1.8-hotspot,javaVersion=25,javaVendor=Eclipse Adoptium,daemonRegistryDir=C:\Users\emoca\.gradle\daemon,pid=27244,idleTimeout=10800000,priority=NORMAL,applyInstrumentationAgent=true,nativeServicesMode=ENABLED,daemonOpts=-Xmx2048m,-Dfile.encoding=UTF-8,-Duser.country=TR,-Duser.language=tr,-Duser.variant]

  Looking for a different daemon...
The client will now receive all logging from the daemon (pid: 26752). The daemon log file: C:\Users\emoca\.gradle\daemon\8.13\daemon-26752.out.log
Starting 37th build in daemon [uptime: 2 hrs 0 mins 40.106 secs, performance: 99%, GC rate: 0.00/s, heap usage: 0% of 2 GiB]
Using 12 worker leases.
Now considering [D:\Proje] as hierarchies to watch
Watching the file system is configured to be enabled if available
File system watching is active
Starting Build
Settings evaluated using settings file 'D:\Proje\settings.gradle.kts'.
Projects loaded. Root project using build file 'D:\Proje\build.gradle.kts'.
Included projects: [root project 'Mood─░─░', project ':app']

> Configure project :
Evaluating root project 'Mood─░─░' using build file 'D:\Proje\build.gradle.kts'.
Resolved plugin [id: 'com.android.application', version: '8.13.1', apply: false]
Resolved plugin [id: 'org.jetbrains.kotlin.android', version: '2.0.21', apply: false]
Resolved plugin [id: 'org.jetbrains.kotlin.plugin.compose', version: '2.0.21', apply: false]
Resolved plugin [id: 'com.google.devtools.ksp', version: '2.0.21-1.0.27', apply: false]

> Configure project :app
Evaluating project ':app' using build file 'D:\Proje\app\build.gradle.kts'.
Resolved plugin [id: 'com.android.application', version: '8.13.1']
Resolved plugin [id: 'org.jetbrains.kotlin.android', version: '2.0.21']
Resolved plugin [id: 'org.jetbrains.kotlin.plugin.compose', version: '2.0.21']
Resolved plugin [id: 'com.google.devtools.ksp', version: '2.0.21-1.0.27']
Using default execution profile
Using Kotlin Gradle Plugin gradle85 variant
Detected Android Gradle Plugin compose compiler configuration
Detected Android Gradle Plugin compose compiler configuration
Detected Android Gradle Plugin compose compiler configuration
Detected Android Gradle Plugin compose compiler configuration
Detected Android Gradle Plugin compose compiler configuration
All projects evaluated.
Task name matched 'assembleDebug'
Selected primary task 'assembleDebug' from project :
Adding -Xuse-inline-scopes-numbers Kotlin compiler flag for task :app:compileDebugKotlin
Tasks to be executed: [task ':app:preBuild', task ':app:preDebugBuild', task ':app:mergeDebugNativeDebugMetadata', task ':app:checkKotlinGradlePluginConfigurationErrors', task ':app:generateDebugBuildConfig', task ':app:checkDebugAarMetadata', task ':app:processDebugNavigationResources', task ':app:compileDebugNavigationResources', task ':app:generateDebugResValues', task ':app:mapDebugSourceSetPaths', task ':app:generateDebugResources', task ':app:mergeDebugResources', task ':app:packageDebugResources', task ':app:parseDebugLocalResources', task ':app:createDebugCompatibleScreenManifests', task ':app:extractDeepLinksDebug', task ':app:processDebugMainManifest', task ':app:processDebugManifest', task ':app:processDebugManifestForPackage', task ':app:processDebugResources', task ':app:kspDebugKotlin', task ':app:compileDebugKotlin', task ':app:javaPreCompileDebug', task ':app:compileDebugJavaWithJavac', task ':app:mergeDebugShaders', task ':app:compileDebugShaders', task ':app:generateDebugAssets', task ':app:mergeDebugAssets', task ':app:compressDebugAssets', task ':app:processDebugJavaRes', task ':app:mergeDebugJavaResource', task ':app:checkDebugDuplicateClasses', task ':app:desugarDebugFileDependencies', task ':app:mergeExtDexDebug', task ':app:mergeLibDexDebug', task ':app:dexBuilderDebug', task ':app:mergeProjectDexDebug', task ':app:mergeDebugJniLibFolders', task ':app:mergeDebugNativeLibs', task ':app:stripDebugDebugSymbols', task ':app:validateSigningDebug', task ':app:writeDebugAppMetadata', task ':app:writeDebugSigningConfigVersions', task ':app:packageDebug', task ':app:createDebugApkListingFileRedirect', task ':app:assembleDebug']
Tasks that were excluded: []
Resolve mutations for :app:preBuild (Thread[#5029,Execution worker,5,main]) started.
:app:preBuild (Thread[#5032,Execution worker Thread 4,5,main]) started.

> Task :app:preBuild UP-TO-DATE
Skipping task ':app:preBuild' as it has no actions.
Resolve mutations for :app:preDebugBuild (Thread[#5032,Execution worker Thread 4,5,main]) started.
:app:preDebugBuild (Thread[#5032,Execution worker Thread 4,5,main]) started.

> Task :app:preDebugBuild UP-TO-DATE
Skipping task ':app:preDebugBuild' as it has no actions.
Resolve mutations for :app:mergeDebugNativeDebugMetadata (Thread[#5032,Execution worker Thread 4,5,main]) started.
:app:mergeDebugNativeDebugMetadata (Thread[#5032,Execution worker Thread 4,5,main]) started.

> Task :app:mergeDebugNativeDebugMetadata NO-SOURCE
Skipping task ':app:mergeDebugNativeDebugMetadata' as it has no source files and no previous output files.
Resolve mutations for :app:checkKotlinGradlePluginConfigurationErrors (Thread[#5032,Execution worker Thread 4,5,main]) started.
:app:checkKotlinGradlePluginConfigurationErrors (Thread[#5032,Execution worker Thread 4,5,main]) started.

> Task :app:checkKotlinGradlePluginConfigurationErrors SKIPPED
Skipping task ':app:checkKotlinGradlePluginConfigurationErrors' as task onlyIf 'errorDiagnostics are present' is false.
Resolve mutations for :app:generateDebugBuildConfig (Thread[#5032,Execution worker Thread 4,5,main]) started.
:app:generateDebugBuildConfig (Thread[#5032,Execution worker Thread 4,5,main]) started.

> Task :app:generateDebugBuildConfig UP-TO-DATE
Caching disabled for task ':app:generateDebugBuildConfig' because:
  Build cache is disabled
Skipping task ':app:generateDebugBuildConfig' as it is up-to-date.
Resolve mutations for :app:checkDebugAarMetadata (Thread[#5032,Execution worker Thread 4,5,main]) started.
:app:checkDebugAarMetadata (Thread[#5032,Execution worker Thread 4,5,main]) started.

> Task :app:checkDebugAarMetadata UP-TO-DATE
Caching disabled for task ':app:checkDebugAarMetadata' because:
  Build cache is disabled
  Caching has been disabled for the task
Skipping task ':app:checkDebugAarMetadata' as it is up-to-date.
Resolve mutations for :app:processDebugNavigationResources (Thread[#5033,Execution worker Thread 5,5,main]) started.
:app:processDebugNavigationResources (Thread[#5033,Execution worker Thread 5,5,main]) started.

> Task :app:processDebugNavigationResources UP-TO-DATE
Caching disabled for task ':app:processDebugNavigationResources' because:
  Build cache is disabled
Skipping task ':app:processDebugNavigationResources' as it is up-to-date.
Resolve mutations for :app:compileDebugNavigationResources (Thread[#5033,Execution worker Thread 5,5,main]) started.
:app:compileDebugNavigationResources (Thread[#5032,Execution worker Thread 4,5,main]) started.

> Task :app:compileDebugNavigationResources UP-TO-DATE
Caching disabled for task ':app:compileDebugNavigationResources' because:
  Build cache is disabled
Skipping task ':app:compileDebugNavigationResources' as it is up-to-date.
Resolve mutations for :app:generateDebugResValues (Thread[#5032,Execution worker Thread 4,5,main]) started.
:app:generateDebugResValues (Thread[#5032,Execution worker Thread 4,5,main]) started.

> Task :app:generateDebugResValues UP-TO-DATE
Caching disabled for task ':app:generateDebugResValues' because:
  Build cache is disabled
Skipping task ':app:generateDebugResValues' as it is up-to-date.
Resolve mutations for :app:mapDebugSourceSetPaths (Thread[#5032,Execution worker Thread 4,5,main]) started.
:app:mapDebugSourceSetPaths (Thread[#5032,Execution worker Thread 4,5,main]) started.

> Task :app:mapDebugSourceSetPaths UP-TO-DATE
Caching disabled for task ':app:mapDebugSourceSetPaths' because:
  Build cache is disabled
  Caching has been disabled for the task
Skipping task ':app:mapDebugSourceSetPaths' as it is up-to-date.
Resolve mutations for :app:generateDebugResources (Thread[#5032,Execution worker Thread 4,5,main]) started.
:app:generateDebugResources (Thread[#5032,Execution worker Thread 4,5,main]) started.

> Task :app:generateDebugResources UP-TO-DATE
Caching disabled for task ':app:generateDebugResources' because:
  Build cache is disabled
Skipping task ':app:generateDebugResources' as it is up-to-date.
Resolve mutations for :app:mergeDebugResources (Thread[#5032,Execution worker Thread 4,5,main]) started.
:app:mergeDebugResources (Thread[#5032,Execution worker Thread 4,5,main]) started.

> Task :app:mergeDebugResources UP-TO-DATE
Caching disabled for task ':app:mergeDebugResources' because:
  Build cache is disabled
Skipping task ':app:mergeDebugResources' as it is up-to-date.
Resolve mutations for :app:packageDebugResources (Thread[#5032,Execution worker Thread 4,5,main]) started.
:app:packageDebugResources (Thread[#5032,Execution worker Thread 4,5,main]) started.

> Task :app:packageDebugResources UP-TO-DATE
Caching disabled for task ':app:packageDebugResources' because:
  Build cache is disabled
Skipping task ':app:packageDebugResources' as it is up-to-date.
Resolve mutations for :app:parseDebugLocalResources (Thread[#5032,Execution worker Thread 4,5,main]) started.
:app:parseDebugLocalResources (Thread[#5032,Execution worker Thread 4,5,main]) started.

> Task :app:parseDebugLocalResources UP-TO-DATE
Caching disabled for task ':app:parseDebugLocalResources' because:
  Build cache is disabled
Skipping task ':app:parseDebugLocalResources' as it is up-to-date.
Resolve mutations for :app:createDebugCompatibleScreenManifests (Thread[#5033,Execution worker Thread 5,5,main]) started.
:app:createDebugCompatibleScreenManifests (Thread[#5033,Execution worker Thread 5,5,main]) started.

> Task :app:createDebugCompatibleScreenManifests UP-TO-DATE
Caching disabled for task ':app:createDebugCompatibleScreenManifests' because:
  Build cache is disabled
  Caching has been disabled for the task
Skipping task ':app:createDebugCompatibleScreenManifests' as it is up-to-date.
Resolve mutations for :app:extractDeepLinksDebug (Thread[#5033,Execution worker Thread 5,5,main]) started.
:app:extractDeepLinksDebug (Thread[#5033,Execution worker Thread 5,5,main]) started.

> Task :app:extractDeepLinksDebug UP-TO-DATE
Caching disabled for task ':app:extractDeepLinksDebug' because:
  Build cache is disabled
Skipping task ':app:extractDeepLinksDebug' as it is up-to-date.
Resolve mutations for :app:processDebugMainManifest (Thread[#5033,Execution worker Thread 5,5,main]) started.
:app:processDebugMainManifest (Thread[#5033,Execution worker Thread 5,5,main]) started.

> Task :app:processDebugMainManifest UP-TO-DATE
Caching disabled for task ':app:processDebugMainManifest' because:
  Build cache is disabled
Skipping task ':app:processDebugMainManifest' as it is up-to-date.
Resolve mutations for :app:processDebugManifest (Thread[#5033,Execution worker Thread 5,5,main]) started.
:app:processDebugManifest (Thread[#5033,Execution worker Thread 5,5,main]) started.

> Task :app:processDebugManifest UP-TO-DATE
Caching disabled for task ':app:processDebugManifest' because:
  Build cache is disabled
Skipping task ':app:processDebugManifest' as it is up-to-date.
Resolve mutations for :app:processDebugManifestForPackage (Thread[#5033,Execution worker Thread 5,5,main]) started.
:app:processDebugManifestForPackage (Thread[#5033,Execution worker Thread 5,5,main]) started.

> Task :app:processDebugManifestForPackage UP-TO-DATE
Custom actions are attached to task ':app:processDebugManifestForPackage'.
Caching disabled for task ':app:processDebugManifestForPackage' because:
  Build cache is disabled
Skipping task ':app:processDebugManifestForPackage' as it is up-to-date.
Resolve mutations for :app:processDebugResources (Thread[#5033,Execution worker Thread 5,5,main]) started.
:app:processDebugResources (Thread[#5033,Execution worker Thread 5,5,main]) started.

> Task :app:processDebugResources UP-TO-DATE
Caching disabled for task ':app:processDebugResources' because:
  Build cache is disabled
Skipping task ':app:processDebugResources' as it is up-to-date.
Resolve mutations for :app:kspDebugKotlin (Thread[#5033,Execution worker Thread 5,5,main]) started.
:app:kspDebugKotlin (Thread[#5033,Execution worker Thread 5,5,main]) started.
Resolve mutations for :app:javaPreCompileDebug (Thread[#5036,Execution worker Thread 8,5,main]) started.
:app:javaPreCompileDebug (Thread[#5036,Execution worker Thread 8,5,main]) started.

> Task :app:javaPreCompileDebug UP-TO-DATE
Caching disabled for task ':app:javaPreCompileDebug' because:
  Build cache is disabled
Skipping task ':app:javaPreCompileDebug' as it is up-to-date.
Resolve mutations for :app:mergeDebugShaders (Thread[#5032,Execution worker Thread 4,5,main]) started.
:app:mergeDebugShaders (Thread[#5032,Execution worker Thread 4,5,main]) started.

> Task :app:mergeDebugShaders UP-TO-DATE
Caching disabled for task ':app:mergeDebugShaders' because:
  Build cache is disabled
  Simple merging task
Skipping task ':app:mergeDebugShaders' as it is up-to-date.
Resolve mutations for :app:compileDebugShaders (Thread[#5032,Execution worker Thread 4,5,main]) started.
:app:compileDebugShaders (Thread[#5032,Execution worker Thread 4,5,main]) started.

> Task :app:compileDebugShaders NO-SOURCE
Skipping task ':app:compileDebugShaders' as it has no source files and no previous output files.
Resolve mutations for :app:generateDebugAssets (Thread[#5032,Execution worker Thread 4,5,main]) started.
:app:generateDebugAssets (Thread[#5032,Execution worker Thread 4,5,main]) started.

> Task :app:generateDebugAssets UP-TO-DATE
Skipping task ':app:generateDebugAssets' as it has no actions.
Resolve mutations for :app:mergeDebugAssets (Thread[#5032,Execution worker Thread 4,5,main]) started.
:app:mergeDebugAssets (Thread[#5032,Execution worker Thread 4,5,main]) started.

> Task :app:mergeDebugAssets UP-TO-DATE
Caching disabled for task ':app:mergeDebugAssets' because:
  Build cache is disabled
  Simple merging task
Skipping task ':app:mergeDebugAssets' as it is up-to-date.
Resolve mutations for :app:compressDebugAssets (Thread[#5032,Execution worker Thread 4,5,main]) started.
:app:compressDebugAssets (Thread[#5032,Execution worker Thread 4,5,main]) started.

> Task :app:compressDebugAssets UP-TO-DATE
Caching disabled for task ':app:compressDebugAssets' because:
  Build cache is disabled
Skipping task ':app:compressDebugAssets' as it is up-to-date.
Resolve mutations for :app:checkDebugDuplicateClasses (Thread[#5032,Execution worker Thread 4,5,main]) started.
:app:checkDebugDuplicateClasses (Thread[#5032,Execution worker Thread 4,5,main]) started.

> Task :app:checkDebugDuplicateClasses UP-TO-DATE
Caching disabled for task ':app:checkDebugDuplicateClasses' because:
  Build cache is disabled
  Caching has been disabled for the task
Skipping task ':app:checkDebugDuplicateClasses' as it is up-to-date.
Resolve mutations for :app:desugarDebugFileDependencies (Thread[#5038,Execution worker Thread 10,5,main]) started.
:app:desugarDebugFileDependencies (Thread[#5038,Execution worker Thread 10,5,main]) started.

> Task :app:desugarDebugFileDependencies UP-TO-DATE
Caching disabled for task ':app:desugarDebugFileDependencies' because:
  Build cache is disabled
Skipping task ':app:desugarDebugFileDependencies' as it is up-to-date.
Resolve mutations for :app:mergeExtDexDebug (Thread[#5038,Execution worker Thread 10,5,main]) started.
:app:mergeExtDexDebug (Thread[#5038,Execution worker Thread 10,5,main]) started.

> Task :app:mergeExtDexDebug UP-TO-DATE
Caching disabled for task ':app:mergeExtDexDebug' because:
  Build cache is disabled
Skipping task ':app:mergeExtDexDebug' as it is up-to-date.
Resolve mutations for :app:mergeLibDexDebug (Thread[#5032,Execution worker Thread 4,5,main]) started.
:app:mergeLibDexDebug (Thread[#5028,included builds,5,main]) started.

> Task :app:mergeLibDexDebug UP-TO-DATE
Caching disabled for task ':app:mergeLibDexDebug' because:
  Build cache is disabled
Skipping task ':app:mergeLibDexDebug' as it is up-to-date.
Resolve mutations for :app:mergeDebugJniLibFolders (Thread[#5028,included builds,5,main]) started.
:app:mergeDebugJniLibFolders (Thread[#5028,included builds,5,main]) started.

> Task :app:mergeDebugJniLibFolders UP-TO-DATE
Caching disabled for task ':app:mergeDebugJniLibFolders' because:
  Build cache is disabled
  Simple merging task
Skipping task ':app:mergeDebugJniLibFolders' as it is up-to-date.
Resolve mutations for :app:mergeDebugNativeLibs (Thread[#5032,Execution worker Thread 4,5,main]) started.
:app:mergeDebugNativeLibs (Thread[#5032,Execution worker Thread 4,5,main]) started.

> Task :app:mergeDebugNativeLibs UP-TO-DATE
Caching disabled for task ':app:mergeDebugNativeLibs' because:
  Build cache is disabled
  Caching has been disabled for the task
Skipping task ':app:mergeDebugNativeLibs' as it is up-to-date.
Resolve mutations for :app:stripDebugDebugSymbols (Thread[#5032,Execution worker Thread 4,5,main]) started.
:app:stripDebugDebugSymbols (Thread[#5032,Execution worker Thread 4,5,main]) started.

> Task :app:stripDebugDebugSymbols UP-TO-DATE
Caching disabled for task ':app:stripDebugDebugSymbols' because:
  Build cache is disabled
  Caching has been disabled for the task
Skipping task ':app:stripDebugDebugSymbols' as it is up-to-date.
Resolve mutations for :app:validateSigningDebug (Thread[#5032,Execution worker Thread 4,5,main]) started.
:app:validateSigningDebug (Thread[#5032,Execution worker Thread 4,5,main]) started.

> Task :app:validateSigningDebug UP-TO-DATE
Caching disabled for task ':app:validateSigningDebug' because:
  Build cache is disabled
  Caching has been disabled for the task
Skipping task ':app:validateSigningDebug' as it is up-to-date.
Resolve mutations for :app:writeDebugAppMetadata (Thread[#5032,Execution worker Thread 4,5,main]) started.
:app:writeDebugAppMetadata (Thread[#5032,Execution worker Thread 4,5,main]) started.

> Task :app:writeDebugAppMetadata UP-TO-DATE
Caching disabled for task ':app:writeDebugAppMetadata' because:
  Build cache is disabled
  Caching has been disabled for the task
Skipping task ':app:writeDebugAppMetadata' as it is up-to-date.
Resolve mutations for :app:writeDebugSigningConfigVersions (Thread[#5032,Execution worker Thread 4,5,main]) started.
:app:writeDebugSigningConfigVersions (Thread[#5028,included builds,5,main]) started.

> Task :app:writeDebugSigningConfigVersions UP-TO-DATE
Caching disabled for task ':app:writeDebugSigningConfigVersions' because:
  Build cache is disabled
  Caching has been disabled for the task
Skipping task ':app:writeDebugSigningConfigVersions' as it is up-to-date.

> Task :app:kspDebugKotlin FAILED
file or directory 'D:\Proje\app\src\debug\kotlin', not found
file or directory 'D:\Proje\app\src\debug\java', not found
file or directory 'D:\Proje\app\src\main\kotlin', not found
file or directory 'D:\Proje\app\src\debug\java', not found
Adding -Xuse-inline-scopes-numbers Kotlin compiler flag for task :app:compileDebugAndroidTestKotlin
file or directory 'D:\Proje\app\src\debug\kotlin', not found
file or directory 'D:\Proje\app\src\debug\java', not found
file or directory 'D:\Proje\app\src\main\kotlin', not found
file or directory 'D:\Proje\app\src\debug\java', not found
Caching disabled for task ':app:kspDebugKotlin' because:
  Build cache is disabled
Task ':app:kspDebugKotlin' is not up-to-date because:
  Input property 'sources' file D:\Proje\app\src\main\java\com\example\mood\screens\PlanDisplayScreen.kt has changed.
file or directory 'D:\Proje\app\src\debug\kotlin', not found
file or directory 'D:\Proje\app\src\debug\java', not found
file or directory 'D:\Proje\app\src\main\kotlin', not found
file or directory 'D:\Proje\app\src\debug\java', not found
file or directory 'D:\Proje\app\src\debug\kotlin', not found
file or directory 'D:\Proje\app\src\debug\java', not found
file or directory 'D:\Proje\app\src\main\kotlin', not found
file or directory 'D:\Proje\app\src\debug\java', not found
file or directory 'D:\Proje\app\src\debug\kotlin', not found
file or directory 'D:\Proje\app\src\debug\java', not found
file or directory 'D:\Proje\app\src\main\kotlin', not found
file or directory 'D:\Proje\app\src\debug\java', not found
file or directory 'D:\Proje\app\src\debug\kotlin', not found
file or directory 'D:\Proje\app\src\debug\java', not found
file or directory 'D:\Proje\app\src\main\kotlin', not found
file or directory 'D:\Proje\app\src\debug\java', not found
Kotlin source files: D:\Proje\app\src\main\java\com\example\mood\analysis\MoodAnalysisEngine.kt, D:\Proje\app\src\main\java\com\example\mood\analysis\MoodDimension.kt, D:\Proje\app\src\main\java\com\example\mood\analysis\VoiceToneAnalyzer.kt, D:\Proje\app\src\main\java\com\example\mood\CameraPreview.kt, D:\Proje\app\src\main\java\com\example\mood\data\AppDatabase.kt, D:\Proje\app\src\main\java\com\example\mood\data\MoodEntryDao.kt, D:\Proje\app\src\main\java\com\example\mood\data\MoodEntryEntity.kt, D:\Proje\app\src\main\java\com\example\mood\data\TaskCompletionDao.kt, D:\Proje\app\src\main\java\com\example\mood\data\TaskCompletionEntity.kt, D:\Proje\app\src\main\java\com\example\mood\data\UserDao.kt, D:\Proje\app\src\main\java\com\example\mood\data\UserEntity.kt, D:\Proje\app\src\main\java\com\example\mood\ExamDetail.kt, D:\Proje\app\src\main\java\com\example\mood\FaceAnalyzer.kt, D:\Proje\app\src\main\java\com\example\mood\FaceGraphicInfo.kt, D:\Proje\app\src\main\java\com\example\mood\FaceOverlay.kt, D:\Proje\app\src\main\java\com\example\mood\MainActivity.kt, D:\Proje\app\src\main\java\com\example\mood\MoodPlannerViewModel.kt, D:\Proje\app\src\main\java\com\example\mood\Screen.kt, D:\Proje\app\src\main\java\com\example\mood\screens\AnalysisScreen.kt, D:\Proje\app\src\main\java\com\example\mood\screens\AuthScreens.kt, D:\Proje\app\src\main\java\com\example\mood\screens\MoodAnalyticsScreen.kt, D:\Proje\app\src\main\java\com\example\mood\screens\MoodConfirmationScreen.kt, D:\Proje\app\src\main\java\com\example\mood\screens\OnboardingScreen.kt, D:\Proje\app\src\main\java\com\example\mood\screens\PlanDisplayScreen.kt, D:\Proje\app\src\main\java\com\example\mood\screens\ProfessionScreens.kt, D:\Proje\app\src\main\java\com\example\mood\screens\ProfileScreen.kt, D:\Proje\app\src\main\java\com\example\mood\SpotifyAuthHelper.kt, D:\Proje\app\src\main\java\com\example\mood\SpotifyAuthManager.kt, D:\Proje\app\src\main\java\com\example\mood\TaskItem.kt, D:\Proje\app\src\main\java\com\example\mood\ui\theme\Color.kt, D:\Proje\app\src\main\java\com\example\mood\ui\theme\Theme.kt, D:\Proje\app\src\main\java\com\example\mood\ui\theme\Type.kt, D:\Proje\app\src\main\java\com\example\mood\User.kt, D:\Proje\app\src\main\java\com\example\mood\UserRepository.kt, D:\Proje\app\src\main\java\com\example\mood\UserSessionManager.kt, D:\Proje\app\src\main\java\com\example\mood\WakeMood.kt
Java source files: D:\Proje\app\build\generated\source\buildConfig\debug\com\example\mood\BuildConfig.java
Script source files: 
Script file extensions: 
[KOTLIN] Kotlin compilation 'jdkHome' argument: null
i: [ksp] loaded provider(s): [androidx.room.RoomKspProcessor$Provider]
Finished executing kotlin compiler using DAEMON strategy
31 actionable tasks: 1 executed, 30 up-to-date
Watched directory hierarchies: [D:\Proje]
